

================================================================
== Vivado HLS Report for 'backsub_EM_ALGO'
================================================================
* Date:           Wed Jan 03 16:29:17 2018

* Version:        2015.4 (Build 1412921 on Wed Nov 18 09:58:55 AM 2015)
* Project:        GMM_backsub_new
* Solution:       solution1
* Product family: zynq
* Target device:  xc7z020clg484-1


================================================================
== Performance Estimates
================================================================
+ Timing (ns): 
    * Summary: 
    +--------+-------+----------+------------+
    |  Clock | Target| Estimated| Uncertainty|
    +--------+-------+----------+------------+
    |ap_clk  |  10.00|      9.79|        1.25|
    +--------+-------+----------+------------+

+ Latency (clock cycles): 
    * Summary: 
    +-----+-----+-----+-----+---------+
    |  Latency  |  Interval | Pipeline|
    | min | max | min | max |   Type  |
    +-----+-----+-----+-----+---------+
    |   53|  185|   53|  185|   none  |
    +-----+-----+-----+-----+---------+

    + Detail: 
        * Instance: 
        N/A

        * Loop: 
        +----------+-----+-----+----------+-----------+-----------+-------+----------+
        |          |  Latency  | Iteration|  Initiation Interval  |  Trip |          |
        | Loop Name| min | max |  Latency |  achieved |   target  | Count | Pipelined|
        +----------+-----+-----+----------+-----------+-----------+-------+----------+
        |- Loop 1  |    5|   14|         3|          -|          -| 1 ~ 4 |    no    |
        +----------+-----+-----+----------+-----------+-----------+-------+----------+



================================================================
== Utilization Estimates
================================================================
* Summary: 
+-----------------+---------+-------+--------+-------+
|       Name      | BRAM_18K| DSP48E|   FF   |  LUT  |
+-----------------+---------+-------+--------+-------+
|DSP              |        -|      -|       -|      -|
|Expression       |        -|      1|       0|   2382|
|FIFO             |        -|      -|       -|      -|
|Instance         |        -|     16|    4467|   7170|
|Memory           |        2|      -|      64|      1|
|Multiplexer      |        -|      -|       -|   1516|
|Register         |        -|      -|    2120|      -|
+-----------------+---------+-------+--------+-------+
|Total            |        2|     17|    6651|  11069|
+-----------------+---------+-------+--------+-------+
|Available        |      280|    220|  106400|  53200|
+-----------------+---------+-------+--------+-------+
|Utilization (%)  |    ~0   |      7|       6|     20|
+-----------------+---------+-------+--------+-------+

+ Detail: 
    * Instance: 
    +---------------------------------------------+------------------------------------------+---------+-------+-----+-----+
    |                   Instance                  |                  Module                  | BRAM_18K| DSP48E|  FF | LUT |
    +---------------------------------------------+------------------------------------------+---------+-------+-----+-----+
    |backsub_dcmp_64ns_64ns_1_1_U11               |backsub_dcmp_64ns_64ns_1_1                |        0|      0|  130|  469|
    |backsub_dmul_64ns_64ns_64_6_max_dsp_U10      |backsub_dmul_64ns_64ns_64_6_max_dsp       |        0|     11|  317|  578|
    |backsub_faddfsub_32ns_32ns_32_5_full_dsp_U0  |backsub_faddfsub_32ns_32ns_32_5_full_dsp  |        0|      2|  205|  390|
    |backsub_fcmp_32ns_32ns_1_1_U7                |backsub_fcmp_32ns_32ns_1_1                |        0|      0|   66|  239|
    |backsub_fcmp_32ns_32ns_1_1_U8                |backsub_fcmp_32ns_32ns_1_1                |        0|      0|   66|  239|
    |backsub_fdiv_32ns_32ns_32_16_U2              |backsub_fdiv_32ns_32ns_32_16              |        0|      0|  761|  994|
    |backsub_fdiv_32ns_32ns_32_16_U3              |backsub_fdiv_32ns_32ns_32_16              |        0|      0|  761|  994|
    |backsub_fdiv_32ns_32ns_32_16_U4              |backsub_fdiv_32ns_32ns_32_16              |        0|      0|  761|  994|
    |backsub_fmul_32ns_32ns_32_4_max_dsp_U1       |backsub_fmul_32ns_32ns_32_4_max_dsp       |        0|      3|  143|  321|
    |backsub_fpext_32ns_64_1_U6                   |backsub_fpext_32ns_64_1                   |        0|      0|  100|  138|
    |backsub_fsqrt_32ns_32ns_32_12_U9             |backsub_fsqrt_32ns_32ns_32_12             |        0|      0|  405|  615|
    |backsub_sitodp_32ns_64_6_U12                 |backsub_sitodp_32ns_64_6                  |        0|      0|  412|  645|
    |backsub_sitofp_32ns_32_6_U5                  |backsub_sitofp_32ns_32_6                  |        0|      0|  340|  554|
    +---------------------------------------------+------------------------------------------+---------+-------+-----+-----+
    |Total                                        |                                          |        0|     16| 4467| 7170|
    +---------------------------------------------+------------------------------------------+---------+-------+-----+-----+

    * DSP48: 
    N/A

    * Memory: 
    +-------+---------------------+---------+----+----+------+-----+------+-------------+
    | Memory|        Module       | BRAM_18K| FF | LUT| Words| Bits| Banks| W*Bits*Banks|
    +-------+---------------------+---------+----+----+------+-----+------+-------------+
    |F_U    |backsub_EM_ALGO_F    |        0|  64|   1|     2|   32|     1|           64|
    |akt_U  |backsub_EM_ALGO_akt  |        2|   0|   0|     2|   32|     1|           64|
    +-------+---------------------+---------+----+----+------+-----+------+-------------+
    |Total  |                     |        2|  64|   1|     4|   64|     2|          128|
    +-------+---------------------+---------+----+----+------+-----+------+-------------+

    * FIFO: 
    N/A

    * Expression: 
    +------------------------------+----------+-------+---+-----+------------+------------+
    |         Variable Name        | Operation| DSP48E| FF| LUT | Bitwidth P0| Bitwidth P1|
    +------------------------------+----------+-------+---+-----+------------+------------+
    |tmp_36_fu_1083_p2             |     *    |      1|  0|    0|          10|           8|
    |grp_fu_453_p2                 |     +    |      0|  0|   14|          14|          14|
    |j5_fu_1872_p2                 |     +    |      0|  0|   32|           2|          32|
    |sh_assign_2_fu_963_p2         |     +    |      0|  0|    9|           8|           9|
    |sh_assign_fu_804_p2           |     +    |      0|  0|    9|           8|           9|
    |sum10_fu_574_p2               |     +    |      0|  0|   31|          31|          31|
    |sum11_fu_608_p2               |     +    |      0|  0|   31|          31|          31|
    |sum12_fu_641_p2               |     +    |      0|  0|   31|          31|          31|
    |sum13_fu_670_p2               |     +    |      0|  0|   31|          31|          31|
    |sum14_fu_703_p2               |     +    |      0|  0|   31|          31|          31|
    |sum15_fu_736_p2               |     +    |      0|  0|   31|          31|          31|
    |sum16_fu_1764_p2              |     +    |      0|  0|   31|          31|          31|
    |sum17_fu_1825_p2              |     +    |      0|  0|   31|          31|          31|
    |sum18_fu_1857_p2              |     +    |      0|  0|   31|          31|          31|
    |sum19_fu_1566_p2              |     +    |      0|  0|   31|          31|          31|
    |sum1_fu_1848_p2               |     +    |      0|  0|   20|          20|          20|
    |sum20_fu_1619_p2              |     +    |      0|  0|   31|          31|          31|
    |sum21_fu_1722_p2              |     +    |      0|  0|   31|          31|          31|
    |sum22_fu_1704_p2              |     +    |      0|  0|   31|          31|          31|
    |sum2_1_fu_694_p2              |     +    |      0|  0|   20|          20|          20|
    |sum2_fu_599_p2                |     +    |      0|  0|   20|          20|          20|
    |sum3_fu_1557_p2               |     +    |      0|  0|   20|          20|          20|
    |sum4_1_fu_727_p2              |     +    |      0|  0|   20|          20|          20|
    |sum4_fu_632_p2                |     +    |      0|  0|   20|          20|          20|
    |sum5_fu_1610_p2               |     +    |      0|  0|   20|          20|          20|
    |sum6_fu_1755_p2               |     +    |      0|  0|   20|          20|          20|
    |sum7_fu_1695_p2               |     +    |      0|  0|   20|          20|          20|
    |sum8_fu_1816_p2               |     +    |      0|  0|   20|          20|          20|
    |sum9_fu_1713_p2               |     +    |      0|  0|   20|          20|          20|
    |sum_1_fu_661_p2               |     +    |      0|  0|   20|          20|          20|
    |sum_fu_560_p2                 |     +    |      0|  0|   20|          20|          20|
    |tmp_114_fu_1575_p2            |     +    |      0|  0|   19|          19|          19|
    |tmp_121_fu_2037_p2            |     +    |      0|  0|   19|          19|          19|
    |tmp_35_fu_580_p2              |     +    |      0|  0|   14|           2|          14|
    |tmp_37_fu_1092_p2             |     +    |      0|  0|   17|          17|          17|
    |tmp_40_fu_613_p2              |     +    |      0|  0|   14|           3|          14|
    |tmp_43_fu_1747_p2             |     +    |      0|  0|   14|          14|          14|
    |tmp_49_fu_1808_p2             |     +    |      0|  0|   14|          14|          14|
    |tmp_60_1_fu_685_p2            |     +    |      0|  0|   14|           2|          14|
    |tmp_60_fu_1840_p2             |     +    |      0|  0|   14|          14|          14|
    |tmp_69_1_fu_718_p2            |     +    |      0|  0|   14|           3|          14|
    |tmp_72_fu_1801_p2             |     +    |      0|  0|    8|           8|           1|
    |tmp_75_fu_1548_p2             |     +    |      0|  0|   14|          14|          14|
    |tmp_77_fu_1602_p2             |     +    |      0|  0|   14|          14|          14|
    |tmp_93_fu_1786_p2             |     +    |      0|  0|   19|          19|          19|
    |neg_1_fu_1060_p2              |     -    |      0|  0|   32|           1|          32|
    |neg_fu_901_p2                 |     -    |      0|  0|   32|           1|          32|
    |p_Val2_7_i_i1_fu_1049_p2      |     -    |      0|  0|   32|           1|          32|
    |p_Val2_7_i_i_fu_890_p2        |     -    |      0|  0|   32|           1|          32|
    |tmp_33_fu_546_p2              |     -    |      0|  0|   14|          14|          14|
    |tmp_4_i_i1_fu_977_p2          |     -    |      0|  0|    8|           7|           8|
    |tmp_4_i_i_fu_818_p2           |     -    |      0|  0|    8|           7|           8|
    |abs_1_fu_1072_p3              |  Select  |      0|  0|   32|           1|          32|
    |abs_fu_913_p3                 |  Select  |      0|  0|   32|           1|          32|
    |index_1_fu_1947_p3            |  Select  |      0|  0|   32|           1|          32|
    |max_val_2_1_fu_1522_p3        |  Select  |      0|  0|    4|           1|           4|
    |min_val_1_1_fu_1537_p3        |  Select  |      0|  0|    4|           1|           4|
    |p_Val2_11_fu_1054_p3          |  Select  |      0|  0|   32|           1|          32|
    |p_Val2_3_fu_882_p3            |  Select  |      0|  0|   32|           1|          32|
    |p_Val2_5_fu_895_p3            |  Select  |      0|  0|   32|           1|          32|
    |p_Val2_9_fu_1041_p3           |  Select  |      0|  0|   32|           1|          32|
    |sh_assign_1_fu_828_p3         |  Select  |      0|  0|    9|           1|           9|
    |sh_assign_3_fu_987_p3         |  Select  |      0|  0|    9|           1|           9|
    |sorted_F_0_1_fu_1253_p3       |  Select  |      0|  0|   32|           1|          32|
    |sorted_F_0_s_fu_1396_p3       |  Select  |      0|  0|   32|           1|          32|
    |sorted_F_1_41_fu_1882_p3      |  Select  |      0|  0|   32|           1|          32|
    |sorted_weight_0_2_fu_1958_p3  |  Select  |      0|  0|   32|           1|          32|
    |tmp_124_fu_2030_p3            |  Select  |      0|  0|   19|           1|           1|
    |ap_sig_bdd_1228               |    and   |      0|  0|    1|           1|           1|
    |ap_sig_bdd_1565               |    and   |      0|  0|    1|           1|           1|
    |ap_sig_bdd_3885               |    and   |      0|  0|    1|           1|           1|
    |or_cond1_fu_1247_p2           |    and   |      0|  0|    1|           1|           1|
    |or_cond_fu_1507_p2            |    and   |      0|  0|    1|           1|           1|
    |tmp1_fu_1502_p2               |    and   |      0|  0|    1|           1|           1|
    |tmp_103_fu_1925_p2            |    and   |      0|  0|    1|           1|           1|
    |tmp_105_fu_1930_p2            |    and   |      0|  0|    1|           1|           1|
    |tmp_110_fu_2020_p2            |    and   |      0|  0|    1|           1|           1|
    |tmp_16_fu_1384_p2             |    and   |      0|  0|    1|           1|           1|
    |tmp_18_fu_1390_p2             |    and   |      0|  0|    1|           1|           1|
    |tmp_23_fu_1231_p2             |    and   |      0|  0|    1|           1|           1|
    |tmp_29_fu_1237_p2             |    and   |      0|  0|    1|           1|           1|
    |tmp_57_fu_1493_p2             |    and   |      0|  0|    1|           1|           1|
    |tmp_59_fu_1497_p2             |    and   |      0|  0|    1|           1|           1|
    |tmp_71_fu_1475_p2             |    and   |      0|  0|    1|           1|           1|
    |tmp_78_fu_1480_p2             |    and   |      0|  0|    1|           1|           1|
    |tmp_7_fu_1183_p2              |    and   |      0|  0|    1|           1|           1|
    |tmp_88_fu_1942_p2             |    and   |      0|  0|    1|           1|           1|
    |tmp_97_fu_1685_p2             |    and   |      0|  0|    1|           1|           1|
    |tmp_9_fu_1189_p2              |    and   |      0|  0|    1|           1|           1|
    |tmp_fu_1243_p2                |    and   |      0|  0|    1|           1|           1|
    |abscond_1_fu_1066_p2          |   icmp   |      0|  0|   11|          32|           1|
    |abscond_fu_907_p2             |   icmp   |      0|  0|   11|          32|           1|
    |notlhs10_fu_2002_p2           |   icmp   |      0|  0|    3|           8|           2|
    |notlhs1_fu_1165_p2            |   icmp   |      0|  0|    4|          11|           2|
    |notlhs2_fu_1348_p2            |   icmp   |      0|  0|    4|          11|           2|
    |notlhs3_fu_1366_p2            |   icmp   |      0|  0|    4|          11|           2|
    |notlhs4_fu_1213_p2            |   icmp   |      0|  0|    3|           8|           2|
    |notlhs5_fu_1667_p2            |   icmp   |      0|  0|    3|           8|           2|
    |notlhs6_fu_1439_p2            |   icmp   |      0|  0|    3|           8|           2|
    |notlhs7_fu_1457_p2            |   icmp   |      0|  0|    3|           8|           2|
    |notlhs8_fu_1907_p2            |   icmp   |      0|  0|    3|           8|           2|
    |notlhs9_fu_1279_p2            |   icmp   |      0|  0|    3|           8|           2|
    |notlhs_fu_1147_p2             |   icmp   |      0|  0|    4|          11|           2|
    |notrhs10_fu_2008_p2           |   icmp   |      0|  0|    8|          23|           1|
    |notrhs1_fu_1171_p2            |   icmp   |      0|  0|   18|          52|           1|
    |notrhs2_fu_1354_p2            |   icmp   |      0|  0|   18|          52|           1|
    |notrhs3_fu_1372_p2            |   icmp   |      0|  0|   18|          52|           1|
    |notrhs4_fu_1219_p2            |   icmp   |      0|  0|    8|          23|           1|
    |notrhs5_fu_1673_p2            |   icmp   |      0|  0|    8|          23|           1|
    |notrhs6_fu_1445_p2            |   icmp   |      0|  0|    8|          23|           1|
    |notrhs7_fu_1463_p2            |   icmp   |      0|  0|    8|          23|           1|
    |notrhs8_fu_1913_p2            |   icmp   |      0|  0|    8|          23|           1|
    |notrhs9_fu_1285_p2            |   icmp   |      0|  0|    8|          23|           1|
    |notrhs_fu_1153_p2             |   icmp   |      0|  0|   18|          52|           1|
    |tmp_73_fu_1796_p2             |   icmp   |      0|  0|    2|           4|           1|
    |tmp_80_fu_1586_p2             |   icmp   |      0|  0|    2|           4|           1|
    |tmp_87_fu_1936_p2             |   icmp   |      0|  0|   11|          32|           1|
    |tmp_7_i_i1_fu_1007_p2         |   lshr   |      0|  0|   63|          24|          24|
    |tmp_7_i_i_fu_848_p2           |   lshr   |      0|  0|   63|          24|          24|
    |tmp_102_fu_1919_p2            |    or    |      0|  0|    1|           1|           1|
    |tmp_108_fu_2014_p2            |    or    |      0|  0|    1|           1|           1|
    |tmp_14_fu_1360_p2             |    or    |      0|  0|    1|           1|           1|
    |tmp_15_fu_1378_p2             |    or    |      0|  0|    1|           1|           1|
    |tmp_21_fu_1225_p2             |    or    |      0|  0|    1|           1|           1|
    |tmp_34_fu_1451_p2             |    or    |      0|  0|    1|           1|           1|
    |tmp_55_s_fu_656_p2            |    or    |      0|  0|   26|          20|           1|
    |tmp_56_fu_1469_p2             |    or    |      0|  0|    1|           1|           1|
    |tmp_5_fu_1159_p2              |    or    |      0|  0|    1|           1|           1|
    |tmp_61_fu_1517_p2             |    or    |      0|  0|    1|           1|           1|
    |tmp_63_fu_1297_p2             |    or    |      0|  0|   23|          18|           1|
    |tmp_66_fu_1291_p2             |    or    |      0|  0|    1|           1|           1|
    |tmp_6_fu_1177_p2              |    or    |      0|  0|    1|           1|           1|
    |tmp_85_fu_1485_p2             |    or    |      0|  0|    1|           1|           1|
    |tmp_95_fu_1679_p2             |    or    |      0|  0|    1|           1|           1|
    |tmp_9_i_i1_fu_1013_p2         |    shl   |      0|  0|  239|          78|          78|
    |tmp_9_i_i_fu_854_p2           |    shl   |      0|  0|  239|          78|          78|
    |not_j5_0_in_t_fu_1967_p2      |    xor   |      0|  0|    2|           1|           2|
    +------------------------------+----------+-------+---+-----+------------+------------+
    |Total                         |          |      1|  0| 2382|        1766|        1754|
    +------------------------------+----------+-------+---+-----+------------+------------+

    * Multiplexer: 
    +-----------------------------------------+-----+-----------+-----+-----------+
    |                   Name                  | LUT | Input Size| Bits| Total Bits|
    +-----------------------------------------+-----+-----------+-----+-----------+
    |akt_address0                             |    1|          3|    1|          3|
    |ap_NS_fsm                                |  640|        251|    1|        251|
    |ap_return                                |    1|          2|    1|          2|
    |ap_sig_ioackin_m_axi_parameters_ARREADY  |    1|          2|    1|          2|
    |ap_sig_ioackin_m_axi_parameters_AWREADY  |    1|          2|    1|          2|
    |ap_sig_ioackin_m_axi_parameters_WREADY   |    1|          2|    1|          2|
    |back_gauss_address0                      |   18|          4|   18|         72|
    |back_gauss_address1                      |   18|          4|   18|         72|
    |back_gauss_d1                            |    1|          3|    1|          3|
    |grp_fu_391_opcode                        |    2|          3|    2|          6|
    |grp_fu_391_p0                            |   32|          7|   32|        224|
    |grp_fu_391_p1                            |   64|          8|   32|        256|
    |grp_fu_397_p0                            |   32|          5|   32|        160|
    |grp_fu_397_p1                            |   32|          3|   32|         96|
    |grp_fu_402_p0                            |   32|          4|   32|        128|
    |grp_fu_402_p1                            |   32|          4|   32|        128|
    |grp_fu_418_p0                            |   32|          4|   32|        128|
    |grp_fu_424_opcode                        |    5|          5|    5|         25|
    |grp_fu_424_p0                            |   32|          5|   32|        160|
    |grp_fu_424_p1                            |   32|          6|   32|        192|
    |grp_fu_436_p1                            |   32|          3|   32|         96|
    |grp_fu_441_p0                            |   64|          3|   64|        192|
    |grp_fu_450_p0                            |   32|          3|   32|         96|
    |index_1_1_reg_367                        |   32|          2|   32|         64|
    |j5_0_in_reg_355                          |   32|          2|   32|         64|
    |m_axi_parameters_ARADDR                  |   96|         12|   32|        384|
    |m_axi_parameters_AWADDR                  |   64|         10|   32|        320|
    |m_axi_parameters_WDATA                   |   32|          6|   32|        192|
    |matchsum_address0                        |   18|          6|   18|        108|
    |matchsum_d0                              |    8|          3|    8|         24|
    |matchsumtot_1_1_reg_335                  |   32|          2|   32|         64|
    |matchsumtot_1_reg_323                    |   32|          2|   32|         64|
    |p_0_phi_fu_383_p4                        |    1|          2|    1|          2|
    |sorted_F_1_reg_346                       |   32|          2|   32|         64|
    +-----------------------------------------+-----+-----------+-----+-----------+
    |Total                                    | 1516|        385|  749|       3646|
    +-----------------------------------------+-----+-----------+-----+-----------+

    * Register: 
    +-----------------------------------------+-----+----+-----+-----------+
    |                   Name                  |  FF | LUT| Bits| Const Bits|
    +-----------------------------------------+-----+----+-----+-----------+
    |abs_1_reg_2245                           |   32|   0|   32|          0|
    |abs_reg_2224                             |   32|   0|   32|          0|
    |akt_load_reg_2481                        |   32|   0|   32|          0|
    |alpha_w                                  |    0|   0|   32|         32|
    |ap_CS_fsm                                |  250|   0|  250|          0|
    |ap_reg_ioackin_m_axi_parameters_ARREADY  |    1|   0|    1|          0|
    |ap_reg_ioackin_m_axi_parameters_AWREADY  |    1|   0|    1|          0|
    |ap_reg_ioackin_m_axi_parameters_WREADY   |    1|   0|    1|          0|
    |ap_return_preg                           |    1|   0|    1|          0|
    |back_gauss_addr_1_reg_2322               |   17|   0|   18|          1|
    |back_gauss_addr_reg_2272                 |   17|   0|   18|          1|
    |index_1_1_reg_367                        |   32|   0|   32|          0|
    |j5_0_in_reg_355                          |   32|   0|   32|          0|
    |j5_reg_2508                              |   32|   0|   32|          0|
    |matchsum_addr_3_reg_2277                 |   17|   0|   18|          1|
    |matchsum_addr_4_reg_2328                 |   17|   0|   18|          1|
    |matchsum_addr_reg_2467                   |   18|   0|   18|          0|
    |matchsumtot_1_1_reg_335                  |   32|   0|   32|          0|
    |matchsumtot_1_reg_323                    |   32|   0|   32|          0|
    |max_val_2_1_cast5_reg_2385               |    3|   0|   14|         11|
    |max_val_2_1_reg_2378                     |    3|   0|    4|          1|
    |min_val_1_1_cast3_reg_2392               |    3|   0|   14|         11|
    |or_cond1_reg_2306                        |    1|   0|    1|          0|
    |or_cond_reg_2370                         |    1|   0|    1|          0|
    |p_0_reg_379                              |    1|   0|    1|          0|
    |p_Result_2_reg_2234                      |    1|   0|    1|          0|
    |p_Result_s_reg_2213                      |    1|   0|    1|          0|
    |p_Val2_3_reg_2218                        |   32|   0|   32|          0|
    |p_Val2_9_reg_2239                        |   32|   0|   32|          0|
    |parameters_addr_2_read_reg_2177          |   32|   0|   32|          0|
    |parameters_addr_2_reg_2138               |   31|   0|   32|          1|
    |parameters_addr_3_read_reg_2188          |   32|   0|   32|          0|
    |parameters_addr_4_read_reg_2193          |   32|   0|   32|          0|
    |parameters_addr_5_read_reg_2199          |   32|   0|   32|          0|
    |parameters_addr_5_reg_2171               |   31|   0|   32|          1|
    |parameters_addr_6_reg_2461               |   31|   0|   32|          1|
    |parameters_addr_7_reg_2491               |   31|   0|   32|          1|
    |parameters_addr_8_reg_2502               |   31|   0|   32|          1|
    |reg_457                                  |   32|   0|   32|          0|
    |reg_464                                  |   32|   0|   32|          0|
    |reg_470                                  |   32|   0|   32|          0|
    |reg_478                                  |   32|   0|   32|          0|
    |reg_489                                  |   32|   0|   32|          0|
    |reg_494                                  |   64|   0|   64|          0|
    |reg_499                                  |   64|   0|   64|          0|
    |reg_504                                  |   32|   0|   32|          0|
    |reg_512                                  |    8|   0|    8|          0|
    |reg_516                                  |   32|   0|   32|          0|
    |sext_cast_reg_2083                       |   30|   0|   31|          1|
    |sorted_F_1_2_reg_2287                    |   32|   0|   32|          0|
    |sorted_F_1_41_reg_2518                   |   32|   0|   32|          0|
    |sorted_F_1_reg_346                       |   32|   0|   32|          0|
    |sum10_reg_2099                           |   31|   0|   31|          0|
    |sum11_reg_2116                           |   31|   0|   31|          0|
    |sum12_reg_2133                           |   31|   0|   31|          0|
    |sum13_reg_2144                           |   31|   0|   31|          0|
    |sum14_reg_2155                           |   31|   0|   31|          0|
    |sum15_reg_2166                           |   31|   0|   31|          0|
    |sum16_reg_2456                           |   31|   0|   31|          0|
    |sum17_reg_2486                           |   31|   0|   31|          0|
    |sum18_reg_2497                           |   31|   0|   31|          0|
    |sum19_reg_2398                           |   31|   0|   31|          0|
    |sum20_reg_2412                           |   31|   0|   31|          0|
    |sum21_reg_2441                           |   31|   0|   31|          0|
    |sum22_reg_2436                           |   31|   0|   31|          0|
    |tmp_105_reg_2525                         |    1|   0|    1|          0|
    |tmp_116_reg_2513                         |    1|   0|    1|          0|
    |tmp_118_reg_2538                         |    1|   0|    1|          0|
    |tmp_18_reg_2333                          |    1|   0|    1|          0|
    |tmp_23_reg_2295                          |    1|   0|    1|          0|
    |tmp_25_cast1_reg_2067                    |   19|   0|   20|          1|
    |tmp_29_reg_2300                          |    1|   0|    1|          0|
    |tmp_33_reg_2052                          |   13|   0|   14|          1|
    |tmp_34_reg_2338                          |    1|   0|    1|          0|
    |tmp_35_reg_2104                          |   13|   0|   14|          1|
    |tmp_36_cast_reg_2062                     |   19|   0|   20|          1|
    |tmp_37_reg_2260                          |   17|   0|   17|          0|
    |tmp_38_reg_2266                          |   17|   0|   18|          1|
    |tmp_40_reg_2121                          |   13|   0|   14|          1|
    |tmp_42_reg_2229                          |   64|   0|   64|          0|
    |tmp_56_reg_2344                          |    1|   0|    1|          0|
    |tmp_58_reg_2349                          |    1|   0|    1|          0|
    |tmp_61_reg_2374                          |    1|   0|    1|          0|
    |tmp_63_1_reg_2250                        |   64|   0|   64|          0|
    |tmp_64_cast1_reg_2364                    |   17|   0|   19|          2|
    |tmp_66_reg_2312                          |    1|   0|    1|          0|
    |tmp_73_reg_2477                          |    1|   0|    1|          0|
    |tmp_76_reg_2317                          |    1|   0|    1|          0|
    |tmp_78_reg_2354                          |    1|   0|    1|          0|
    |tmp_80_reg_2403                          |    1|   0|    1|          0|
    |tmp_85_reg_2359                          |    1|   0|    1|          0|
    |tmp_97_reg_2432                          |    1|   0|    1|          0|
    |tmp_9_reg_2282                           |    1|   0|    1|          0|
    |vinit                                    |    0|   0|   32|         32|
    +-----------------------------------------+-----+----+-----+-----------+
    |Total                                    | 2120|   0| 2225|        105|
    +-----------------------------------------+-----+----+-----+-----------+



================================================================
== Interface
================================================================
* Summary: 
+---------------------------+-----+-----+------------+-----------------+--------------+
|         RTL Ports         | Dir | Bits|  Protocol  |  Source Object  |    C Type    |
+---------------------------+-----+-----+------------+-----------------+--------------+
|ap_clk                     |  in |    1| ap_ctrl_hs | backsub_EM_ALGO | return value |
|ap_rst                     |  in |    1| ap_ctrl_hs | backsub_EM_ALGO | return value |
|ap_start                   |  in |    1| ap_ctrl_hs | backsub_EM_ALGO | return value |
|ap_done                    | out |    1| ap_ctrl_hs | backsub_EM_ALGO | return value |
|ap_idle                    | out |    1| ap_ctrl_hs | backsub_EM_ALGO | return value |
|ap_ready                   | out |    1| ap_ctrl_hs | backsub_EM_ALGO | return value |
|ap_return                  | out |    1| ap_ctrl_hs | backsub_EM_ALGO | return value |
|pixel                      |  in |    8|   ap_none  |      pixel      |    scalar    |
|pos_r                      |  in |   10|   ap_none  |      pos_r      |    scalar    |
|m_axi_parameters_AWVALID   | out |    1|    m_axi   |    parameters   |    pointer   |
|m_axi_parameters_AWREADY   |  in |    1|    m_axi   |    parameters   |    pointer   |
|m_axi_parameters_AWADDR    | out |   32|    m_axi   |    parameters   |    pointer   |
|m_axi_parameters_AWID      | out |    1|    m_axi   |    parameters   |    pointer   |
|m_axi_parameters_AWLEN     | out |   32|    m_axi   |    parameters   |    pointer   |
|m_axi_parameters_AWSIZE    | out |    3|    m_axi   |    parameters   |    pointer   |
|m_axi_parameters_AWBURST   | out |    2|    m_axi   |    parameters   |    pointer   |
|m_axi_parameters_AWLOCK    | out |    2|    m_axi   |    parameters   |    pointer   |
|m_axi_parameters_AWCACHE   | out |    4|    m_axi   |    parameters   |    pointer   |
|m_axi_parameters_AWPROT    | out |    3|    m_axi   |    parameters   |    pointer   |
|m_axi_parameters_AWQOS     | out |    4|    m_axi   |    parameters   |    pointer   |
|m_axi_parameters_AWREGION  | out |    4|    m_axi   |    parameters   |    pointer   |
|m_axi_parameters_AWUSER    | out |    1|    m_axi   |    parameters   |    pointer   |
|m_axi_parameters_WVALID    | out |    1|    m_axi   |    parameters   |    pointer   |
|m_axi_parameters_WREADY    |  in |    1|    m_axi   |    parameters   |    pointer   |
|m_axi_parameters_WDATA     | out |   32|    m_axi   |    parameters   |    pointer   |
|m_axi_parameters_WSTRB     | out |    4|    m_axi   |    parameters   |    pointer   |
|m_axi_parameters_WLAST     | out |    1|    m_axi   |    parameters   |    pointer   |
|m_axi_parameters_WID       | out |    1|    m_axi   |    parameters   |    pointer   |
|m_axi_parameters_WUSER     | out |    1|    m_axi   |    parameters   |    pointer   |
|m_axi_parameters_ARVALID   | out |    1|    m_axi   |    parameters   |    pointer   |
|m_axi_parameters_ARREADY   |  in |    1|    m_axi   |    parameters   |    pointer   |
|m_axi_parameters_ARADDR    | out |   32|    m_axi   |    parameters   |    pointer   |
|m_axi_parameters_ARID      | out |    1|    m_axi   |    parameters   |    pointer   |
|m_axi_parameters_ARLEN     | out |   32|    m_axi   |    parameters   |    pointer   |
|m_axi_parameters_ARSIZE    | out |    3|    m_axi   |    parameters   |    pointer   |
|m_axi_parameters_ARBURST   | out |    2|    m_axi   |    parameters   |    pointer   |
|m_axi_parameters_ARLOCK    | out |    2|    m_axi   |    parameters   |    pointer   |
|m_axi_parameters_ARCACHE   | out |    4|    m_axi   |    parameters   |    pointer   |
|m_axi_parameters_ARPROT    | out |    3|    m_axi   |    parameters   |    pointer   |
|m_axi_parameters_ARQOS     | out |    4|    m_axi   |    parameters   |    pointer   |
|m_axi_parameters_ARREGION  | out |    4|    m_axi   |    parameters   |    pointer   |
|m_axi_parameters_ARUSER    | out |    1|    m_axi   |    parameters   |    pointer   |
|m_axi_parameters_RVALID    |  in |    1|    m_axi   |    parameters   |    pointer   |
|m_axi_parameters_RREADY    | out |    1|    m_axi   |    parameters   |    pointer   |
|m_axi_parameters_RDATA     |  in |   32|    m_axi   |    parameters   |    pointer   |
|m_axi_parameters_RLAST     |  in |    1|    m_axi   |    parameters   |    pointer   |
|m_axi_parameters_RID       |  in |    1|    m_axi   |    parameters   |    pointer   |
|m_axi_parameters_RUSER     |  in |    1|    m_axi   |    parameters   |    pointer   |
|m_axi_parameters_RRESP     |  in |    2|    m_axi   |    parameters   |    pointer   |
|m_axi_parameters_BVALID    |  in |    1|    m_axi   |    parameters   |    pointer   |
|m_axi_parameters_BREADY    | out |    1|    m_axi   |    parameters   |    pointer   |
|m_axi_parameters_BRESP     |  in |    2|    m_axi   |    parameters   |    pointer   |
|m_axi_parameters_BID       |  in |    1|    m_axi   |    parameters   |    pointer   |
|m_axi_parameters_BUSER     |  in |    1|    m_axi   |    parameters   |    pointer   |
|para5                      |  in |   30|   ap_none  |      para5      |    scalar    |
|tmp_25                     |  in |   19|   ap_none  |      tmp_25     |    scalar    |
|x                          |  in |    8|   ap_none  |        x        |    scalar    |
|back_gauss_address0        | out |   18|  ap_memory |    back_gauss   |     array    |
|back_gauss_ce0             | out |    1|  ap_memory |    back_gauss   |     array    |
|back_gauss_we0             | out |    1|  ap_memory |    back_gauss   |     array    |
|back_gauss_d0              | out |    1|  ap_memory |    back_gauss   |     array    |
|back_gauss_q0              |  in |    1|  ap_memory |    back_gauss   |     array    |
|back_gauss_address1        | out |   18|  ap_memory |    back_gauss   |     array    |
|back_gauss_ce1             | out |    1|  ap_memory |    back_gauss   |     array    |
|back_gauss_we1             | out |    1|  ap_memory |    back_gauss   |     array    |
|back_gauss_d1              | out |    1|  ap_memory |    back_gauss   |     array    |
|matchsum_address0          | out |   18|  ap_memory |     matchsum    |     array    |
|matchsum_ce0               | out |    1|  ap_memory |     matchsum    |     array    |
|matchsum_we0               | out |    1|  ap_memory |     matchsum    |     array    |
|matchsum_d0                | out |    8|  ap_memory |     matchsum    |     array    |
|matchsum_q0                |  in |    8|  ap_memory |     matchsum    |     array    |
+---------------------------+-----+-----+------------+-----------------+--------------+

