

================================================================
== Vivado HLS Report for 'backsub'
================================================================
* Date:           Wed Jan 03 12:48:02 2018

* Version:        2015.4 (Build 1412921 on Wed Nov 18 09:58:55 AM 2015)
* Project:        GMM_backsub_new
* Solution:       solution1
* Product family: zynq
* Target device:  xc7z020clg484-1


================================================================
== Performance Estimates
================================================================
+ Timing (ns): 
    * Summary: 
    +--------+-------+----------+------------+
    |  Clock | Target| Estimated| Uncertainty|
    +--------+-------+----------+------------+
    |ap_clk  |  10.00|      9.79|        1.25|
    +--------+-------+----------+------------+

+ Latency (clock cycles): 
    * Summary: 
    +---------+---------+---------+---------+---------+
    |      Latency      |      Interval     | Pipeline|
    |   min   |   max   |   min   |   max   |   Type  |
    +---------+---------+---------+---------+---------+
    |  2841897|  9753897|  2841898|  9753898|   none  |
    +---------+---------+---------+---------+---------+

    + Detail: 
        * Instance: 
        N/A

        * Loop: 
        +------------------------------------------------------------------------------------------+---------+---------+------------------+-----------+-----------+-------+----------+
        |                                                                                          |      Latency      |     Iteration    |  Initiation Interval  |  Trip |          |
        |                                         Loop Name                                        |   min   |   max   |      Latency     |  achieved |   target  | Count | Pipelined|
        +------------------------------------------------------------------------------------------+---------+---------+------------------+-----------+-----------+-------+----------+
        |- Loop 1                                                                                  |  2841896|  9753896| 355237 ~ 1219237 |          -|          -|      8|    no    |
        | + memcpy.backsub(unsigned char*, unsigned char*, bool, float*)::parameters.para          |    14401|    14401|                 3|          1|          1|  14400|    yes   |
        | + memcpy..frame_in                                                                       |     9601|     9601|                 3|          1|          1|   9600|    yes   |
        | + Loop 1.3                                                                               |   326400|  1171200|     34 ~ 122     |          -|          -|   9600|    no    |
        | + Loop 1.4                                                                               |   307200|  1152000|     32 ~ 120     |          -|          -|   9600|    no    |
        | + memcpy.frame_out.backsub(unsigned char*, unsigned char*, bool, float*)::out_frame.gep  |     9601|     9601|                 3|          1|          1|   9600|    yes   |
        | + memcpy.para.backsub(unsigned char*, unsigned char*, bool, float*)::parameters.gep      |    14401|    14401|                 3|          1|          1|  14400|    yes   |
        +------------------------------------------------------------------------------------------+---------+---------+------------------+-----------+-----------+-------+----------+

============================================================
+ Verbose Summary: Synthesis Manager
============================================================
InlineROM: 1
ExposeGlobal: 0
============================================================
+ Verbose Summary: CDFG Model
============================================================
IsTopModel: 1
ResetActiveHigh: 1
IsCombinational: 0
IsDatapathOnly: 0
HasWiredReturn: 1
HasMFsm: 0
HasVarLatency: 1
IsPipeline: 0
IsRtlPipelined: 0
IsInstanceOverlapped: 0
IsDontTouch: 0
HasImplIP: 0
IsGatedGlobalClock: 0

+ Individual pipeline summary: 
  * Pipeline-0: initiation interval (II) = 1, depth = 3
  * Pipeline-1: initiation interval (II) = 1, depth = 3
  * Pipeline-2: initiation interval (II) = 1, depth = 3
  * Pipeline-3: initiation interval (II) = 1, depth = 3


============================================================
+ Verbose Summary: Schedule
============================================================
* Number of FSM states: 48
* Pipeline: 4
  Pipeline-0: II = 1, D = 3, States = { 10 11 12 }
  Pipeline-1: II = 1, D = 3, States = { 21 22 23 }
  Pipeline-2: II = 1, D = 3, States = { 33 34 35 }
  Pipeline-3: II = 1, D = 3, States = { 41 42 43 }
* Dataflow Pipeline: 0

* FSM state transitions: 
1 --> 
	2  / true
2 --> 
	3  / (!exitcond2)
3 --> 
	4  / true
4 --> 
	5  / true
5 --> 
	6  / true
6 --> 
	7  / true
7 --> 
	8  / true
8 --> 
	9  / true
9 --> 
	10  / true
10 --> 
	13  / (exitcond9)
	11  / (!exitcond9)
11 --> 
	12  / true
12 --> 
	10  / true
13 --> 
	14  / true
14 --> 
	15  / true
15 --> 
	16  / true
16 --> 
	17  / true
17 --> 
	18  / true
18 --> 
	19  / true
19 --> 
	20  / true
20 --> 
	21  / true
21 --> 
	24  / (exitcond3)
	22  / (!exitcond3)
22 --> 
	23  / true
23 --> 
	21  / true
24 --> 
	25  / true
25 --> 
	26  / (!init_read & !exitcond)
	32  / (!init_read & exitcond) | (init_read & exitcond1)
	28  / (init_read & !exitcond1)
26 --> 
	27  / true
27 --> 
	25  / true
28 --> 
	29  / true
29 --> 
	30  / true
30 --> 
	31  / true
31 --> 
	25  / true
32 --> 
	33  / true
33 --> 
	36  / (exitcond4)
	34  / (!exitcond4)
34 --> 
	35  / true
35 --> 
	33  / true
36 --> 
	37  / true
37 --> 
	38  / true
38 --> 
	39  / true
39 --> 
	40  / true
40 --> 
	41  / true
41 --> 
	44  / (exitcond5)
	42  / (!exitcond5)
42 --> 
	43  / true
43 --> 
	41  / true
44 --> 
	45  / true
45 --> 
	46  / true
46 --> 
	47  / true
47 --> 
	48  / true
48 --> 
	2  / true
* FSM state operations: 

 <State 1>: 1.57ns
ST_1: para_read [1/1] 1.00ns
:0  %para_read = call i32 @_ssdm_op_Read.s_axilite.i32(i32 %para)

ST_1: init_read [1/1] 1.00ns
:1  %init_read = call i1 @_ssdm_op_Read.s_axilite.i1(i1 %init)

ST_1: frame_out_read [1/1] 1.00ns
:2  %frame_out_read = call i32 @_ssdm_op_Read.s_axilite.i32(i32 %frame_out)

ST_1: frame_in_read [1/1] 1.00ns
:3  %frame_in_read = call i32 @_ssdm_op_Read.s_axilite.i32(i32 %frame_in)

ST_1: tmp_4 [1/1] 0.00ns
:4  %tmp_4 = call i30 @_ssdm_op_PartSelect.i30.i32.i32.i32(i32 %para_read, i32 2, i32 31)

ST_1: tmp_10_cast [1/1] 0.00ns
:5  %tmp_10_cast = zext i30 %tmp_4 to i31

ST_1: tmp_30_cast [1/1] 0.00ns
:6  %tmp_30_cast = sext i32 %frame_out_read to i33

ST_1: tmp_31_cast [1/1] 0.00ns
:7  %tmp_31_cast = sext i32 %frame_in_read to i33

ST_1: stg_57 [1/1] 0.00ns
:8  call void (...)* @_ssdm_op_SpecBitsMap(float* %gmem_offset), !map !8

ST_1: stg_58 [1/1] 0.00ns
:9  call void (...)* @_ssdm_op_SpecBitsMap(i8* %gmem), !map !55

ST_1: stg_59 [1/1] 0.00ns
:10  call void (...)* @_ssdm_op_SpecBitsMap(i1 %init) nounwind, !map !61

ST_1: stg_60 [1/1] 0.00ns
:11  call void (...)* @_ssdm_op_SpecBitsMap(i32 0) nounwind, !map !67

ST_1: stg_61 [1/1] 0.00ns
:12  call void (...)* @_ssdm_op_SpecTopModule([8 x i8]* @backsub_str) nounwind

ST_1: stg_62 [1/1] 0.00ns
:13  call void (...)* @_ssdm_op_SpecInterface(i32 %frame_out, [10 x i8]* @mode3, i32 0, i32 0, i32 0, i32 0, [1 x i8]* @bundle4, [6 x i8]* @p_str1807, [1 x i8]* @p_str1806, [1 x i8]* @p_str1806)

ST_1: stg_63 [1/1] 0.00ns
:14  call void (...)* @_ssdm_op_SpecInterface(i8* %gmem, [6 x i8]* @p_str1805, i32 0, i32 0, i32 0, i32 0, [1 x i8]* @p_str1806, [6 x i8]* @p_str1807, [1 x i8]* @p_str1806, [1 x i8]* @p_str1806)

ST_1: stg_64 [1/1] 0.00ns
:15  call void (...)* @_ssdm_op_SpecInterface(i32 %frame_in, [10 x i8]* @mode, i32 0, i32 0, i32 0, i32 0, [1 x i8]* @bundle, [6 x i8]* @p_str1807, [1 x i8]* @p_str1806, [1 x i8]* @p_str1806)

ST_1: stg_65 [1/1] 0.00ns
:16  call void (...)* @_ssdm_op_SpecInterface(float* %gmem_offset, [6 x i8]* @p_str1805, i32 0, i32 0, i32 0, i32 0, [1 x i8]* @p_str1806, [6 x i8]* @p_str1807, [1 x i8]* @p_str1806, [1 x i8]* @p_str1806)

ST_1: stg_66 [1/1] 0.00ns
:17  call void (...)* @_ssdm_op_SpecInterface(i32 %para, [10 x i8]* @mode5, i32 0, i32 0, i32 0, i32 0, [1 x i8]* @bundle6, [6 x i8]* @p_str1807, [1 x i8]* @p_str1806, [1 x i8]* @p_str1806)

ST_1: stg_67 [1/1] 0.00ns
:18  call void (...)* @_ssdm_op_SpecInterface(i1 %init, [10 x i8]* @p_str1808, i32 0, i32 0, i32 0, i32 0, [9 x i8]* @p_str1809, [1 x i8]* @p_str1806, [1 x i8]* @p_str1806, [1 x i8]* @p_str1806) nounwind

ST_1: stg_68 [1/1] 0.00ns
:19  call void (...)* @_ssdm_op_SpecInterface(i32 0, [10 x i8]* @p_str1808, i32 0, i32 0, i32 0, i32 0, [9 x i8]* @p_str1809, [1 x i8]* @p_str1806, [1 x i8]* @p_str1806, [1 x i8]* @p_str1806) nounwind

ST_1: stg_69 [1/1] 1.57ns
:20  br label %1


 <State 2>: 3.25ns
ST_2: x [1/1] 0.00ns
:0  %x = phi i4 [ 0, %0 ], [ %x_1, %burst.wr.end33 ]

ST_2: phi_mul [1/1] 0.00ns
:1  %phi_mul = phi i17 [ 0, %0 ], [ %next_mul, %burst.wr.end33 ]

ST_2: phi_mul9 [1/1] 0.00ns
:2  %phi_mul9 = phi i19 [ 0, %0 ], [ %next_mul1, %burst.wr.end33 ]

ST_2: next_mul1 [1/1] 2.08ns
:3  %next_mul1 = add i19 %phi_mul9, 57600

ST_2: next_mul [1/1] 2.08ns
:4  %next_mul = add i17 %phi_mul, 9600

ST_2: exitcond2 [1/1] 1.88ns
:5  %exitcond2 = icmp eq i4 %x, -8

ST_2: stg_76 [1/1] 0.00ns
:6  call void (...)* @_ssdm_op_SpecLoopTripCount(i64 8, i64 8, i64 8)

ST_2: x_1 [1/1] 0.80ns
:7  %x_1 = add i4 %x, 1

ST_2: stg_78 [1/1] 0.00ns
:8  br i1 %exitcond2, label %5, label %2

ST_2: tmp_5 [1/1] 0.00ns
:0  %tmp_5 = zext i19 %phi_mul9 to i31

ST_2: tmp_7 [1/1] 2.44ns
:1  %tmp_7 = add i31 %tmp_5, %tmp_10_cast

ST_2: stg_81 [1/1] 0.00ns
:0  ret i32 0


 <State 3>: 8.75ns
ST_3: tmp_10 [1/1] 0.00ns
:2  %tmp_10 = zext i31 %tmp_7 to i64

ST_3: gmem_offset_addr [1/1] 0.00ns
:3  %gmem_offset_addr = getelementptr float* %gmem_offset, i64 %tmp_10

ST_3: p_rd_req [7/7] 8.75ns
:4  %p_rd_req = call i1 @_ssdm_op_ReadReq.m_axi.floatP(float* %gmem_offset_addr, i32 14400)


 <State 4>: 8.75ns
ST_4: p_rd_req [6/7] 8.75ns
:4  %p_rd_req = call i1 @_ssdm_op_ReadReq.m_axi.floatP(float* %gmem_offset_addr, i32 14400)


 <State 5>: 8.75ns
ST_5: p_rd_req [5/7] 8.75ns
:4  %p_rd_req = call i1 @_ssdm_op_ReadReq.m_axi.floatP(float* %gmem_offset_addr, i32 14400)


 <State 6>: 8.75ns
ST_6: p_rd_req [4/7] 8.75ns
:4  %p_rd_req = call i1 @_ssdm_op_ReadReq.m_axi.floatP(float* %gmem_offset_addr, i32 14400)


 <State 7>: 8.75ns
ST_7: p_rd_req [3/7] 8.75ns
:4  %p_rd_req = call i1 @_ssdm_op_ReadReq.m_axi.floatP(float* %gmem_offset_addr, i32 14400)


 <State 8>: 8.75ns
ST_8: p_rd_req [2/7] 8.75ns
:4  %p_rd_req = call i1 @_ssdm_op_ReadReq.m_axi.floatP(float* %gmem_offset_addr, i32 14400)


 <State 9>: 8.75ns
ST_9: p_rd_req [1/7] 8.75ns
:4  %p_rd_req = call i1 @_ssdm_op_ReadReq.m_axi.floatP(float* %gmem_offset_addr, i32 14400)

ST_9: stg_91 [1/1] 1.57ns
:5  br label %burst.rd.header


 <State 10>: 2.21ns
ST_10: indvar [1/1] 0.00ns
burst.rd.header:0  %indvar = phi i14 [ 0, %2 ], [ %indvar_next, %burst.rd.body ]

ST_10: exitcond9 [1/1] 2.21ns
burst.rd.header:1  %exitcond9 = icmp eq i14 %indvar, -1984

ST_10: stg_94 [1/1] 0.00ns
burst.rd.header:2  call void (...)* @_ssdm_op_SpecLoopTripCount(i64 14400, i64 14400, i64 14400)

ST_10: indvar_next [1/1] 1.96ns
burst.rd.header:3  %indvar_next = add i14 %indvar, 1

ST_10: stg_96 [1/1] 0.00ns
burst.rd.header:4  br i1 %exitcond9, label %burst.rd.end, label %burst.rd.body


 <State 11>: 8.75ns
ST_11: gmem_offset_addr_read [1/1] 8.75ns
burst.rd.body:3  %gmem_offset_addr_read = call float @_ssdm_op_Read.m_axi.floatP(float* %gmem_offset_addr)


 <State 12>: 2.71ns
ST_12: burstread_rbegin [1/1] 0.00ns
burst.rd.body:0  %burstread_rbegin = call i32 (...)* @_ssdm_op_SpecRegionBegin([17 x i8]* @burstread_OC_region_str) nounwind

ST_12: stg_99 [1/1] 0.00ns
burst.rd.body:1  call void (...)* @_ssdm_op_SpecPipeline(i32 1, i32 1, i32 1, i32 0, [1 x i8]* @p_str1)

ST_12: empty [1/1] 0.00ns
burst.rd.body:2  %empty = call i32 (...)* @_ssdm_op_SpecLoopName([78 x i8]* @memcpy_OC_backsub_IC_unsigned_s) nounwind

ST_12: tmp_6 [1/1] 0.00ns
burst.rd.body:4  %tmp_6 = zext i14 %indvar to i64

ST_12: parameters_addr [1/1] 0.00ns
burst.rd.body:5  %parameters_addr = getelementptr [57600 x float]* @parameters, i64 0, i64 %tmp_6

ST_12: stg_103 [1/1] 2.71ns
burst.rd.body:6  store float %gmem_offset_addr_read, float* %parameters_addr, align 4

ST_12: burstread_rend [1/1] 0.00ns
burst.rd.body:7  %burstread_rend = call i32 (...)* @_ssdm_op_SpecRegionEnd([17 x i8]* @burstread_OC_region_str, i32 %burstread_rbegin) nounwind

ST_12: stg_105 [1/1] 0.00ns
burst.rd.body:8  br label %burst.rd.header


 <State 13>: 2.44ns
ST_13: tmp_27 [1/1] 0.00ns
burst.rd.end:0  %tmp_27 = zext i17 %phi_mul to i33

ST_13: tmp_29 [1/1] 2.44ns
burst.rd.end:1  %tmp_29 = add i33 %tmp_27, %tmp_31_cast

ST_13: tmp_30 [1/1] 0.00ns
burst.rd.end:2  %tmp_30 = sext i33 %tmp_29 to i64

ST_13: gmem_addr [1/1] 0.00ns
burst.rd.end:3  %gmem_addr = getelementptr i8* %gmem, i64 %tmp_30


 <State 14>: 8.75ns
ST_14: p_rd_req11 [7/7] 8.75ns
burst.rd.end:4  %p_rd_req11 = call i1 @_ssdm_op_ReadReq.m_axi.i8P(i8* %gmem_addr, i32 9600)


 <State 15>: 8.75ns
ST_15: p_rd_req11 [6/7] 8.75ns
burst.rd.end:4  %p_rd_req11 = call i1 @_ssdm_op_ReadReq.m_axi.i8P(i8* %gmem_addr, i32 9600)


 <State 16>: 8.75ns
ST_16: p_rd_req11 [5/7] 8.75ns
burst.rd.end:4  %p_rd_req11 = call i1 @_ssdm_op_ReadReq.m_axi.i8P(i8* %gmem_addr, i32 9600)


 <State 17>: 8.75ns
ST_17: p_rd_req11 [4/7] 8.75ns
burst.rd.end:4  %p_rd_req11 = call i1 @_ssdm_op_ReadReq.m_axi.i8P(i8* %gmem_addr, i32 9600)


 <State 18>: 8.75ns
ST_18: p_rd_req11 [3/7] 8.75ns
burst.rd.end:4  %p_rd_req11 = call i1 @_ssdm_op_ReadReq.m_axi.i8P(i8* %gmem_addr, i32 9600)


 <State 19>: 8.75ns
ST_19: p_rd_req11 [2/7] 8.75ns
burst.rd.end:4  %p_rd_req11 = call i1 @_ssdm_op_ReadReq.m_axi.i8P(i8* %gmem_addr, i32 9600)


 <State 20>: 8.75ns
ST_20: p_rd_req11 [1/7] 8.75ns
burst.rd.end:4  %p_rd_req11 = call i1 @_ssdm_op_ReadReq.m_axi.i8P(i8* %gmem_addr, i32 9600)

ST_20: stg_117 [1/1] 1.57ns
burst.rd.end:5  br label %burst.rd.header14


 <State 21>: 2.21ns
ST_21: indvar1 [1/1] 0.00ns
burst.rd.header14:0  %indvar1 = phi i14 [ 0, %burst.rd.end ], [ %indvar_next1, %burst.rd.body15 ]

ST_21: exitcond3 [1/1] 2.21ns
burst.rd.header14:1  %exitcond3 = icmp eq i14 %indvar1, -6784

ST_21: stg_120 [1/1] 0.00ns
burst.rd.header14:2  call void (...)* @_ssdm_op_SpecLoopTripCount(i64 9600, i64 9600, i64 9600)

ST_21: indvar_next1 [1/1] 1.96ns
burst.rd.header14:3  %indvar_next1 = add i14 %indvar1, 1

ST_21: stg_122 [1/1] 0.00ns
burst.rd.header14:4  br i1 %exitcond3, label %burst.rd.end13, label %burst.rd.body15


 <State 22>: 8.75ns
ST_22: gmem_addr_read [1/1] 8.75ns
burst.rd.body15:3  %gmem_addr_read = call i8 @_ssdm_op_Read.m_axi.i8P(i8* %gmem_addr)


 <State 23>: 2.71ns
ST_23: burstread_rbegin1 [1/1] 0.00ns
burst.rd.body15:0  %burstread_rbegin1 = call i32 (...)* @_ssdm_op_SpecRegionBegin([17 x i8]* @burstread_OC_region_str) nounwind

ST_23: stg_125 [1/1] 0.00ns
burst.rd.body15:1  call void (...)* @_ssdm_op_SpecPipeline(i32 1, i32 1, i32 1, i32 0, [1 x i8]* @p_str2)

ST_23: empty_8 [1/1] 0.00ns
burst.rd.body15:2  %empty_8 = call i32 (...)* @_ssdm_op_SpecLoopName([17 x i8]* @memcpy_OC_OC_frame_in_str) nounwind

ST_23: tmp_8 [1/1] 0.00ns
burst.rd.body15:4  %tmp_8 = zext i14 %indvar1 to i64

ST_23: data_array_addr [1/1] 0.00ns
burst.rd.body15:5  %data_array_addr = getelementptr [9600 x i8]* @data_array, i64 0, i64 %tmp_8

ST_23: stg_129 [1/1] 2.71ns
burst.rd.body15:6  store i8 %gmem_addr_read, i8* %data_array_addr, align 1

ST_23: burstread_rend24 [1/1] 0.00ns
burst.rd.body15:7  %burstread_rend24 = call i32 (...)* @_ssdm_op_SpecRegionEnd([17 x i8]* @burstread_OC_region_str, i32 %burstread_rbegin1) nounwind

ST_23: stg_131 [1/1] 0.00ns
burst.rd.body15:8  br label %burst.rd.header14


 <State 24>: 1.57ns
ST_24: tmp [1/1] 0.00ns
burst.rd.end13:0  %tmp = call i32 (...)* @_ssdm_op_SpecRegionBegin([6 x i8]* @p_str1810) nounwind

ST_24: stg_133 [1/1] 1.57ns
burst.rd.end13:1  br i1 %init_read, label %.preheader3, label %.preheader


 <State 25>: 4.95ns
ST_25: j [1/1] 0.00ns
.preheader:0  %j = phi i14 [ %j_1, %4 ], [ 0, %burst.rd.end13 ]

ST_25: exitcond [1/1] 2.21ns
.preheader:1  %exitcond = icmp eq i14 %j, -6784

ST_25: j_1 [1/1] 1.96ns
.preheader:2  %j_1 = add i14 %j, 1

ST_25: stg_137 [1/1] 0.00ns
.preheader:3  br i1 %exitcond, label %.loopexit, label %4

ST_25: tmp_24 [1/1] 0.00ns
:3  %tmp_24 = zext i14 %j to i64

ST_25: data_array_addr_2 [1/1] 0.00ns
:4  %data_array_addr_2 = getelementptr inbounds [9600 x i8]* @data_array, i64 0, i64 %tmp_24

ST_25: data_array_load_1 [2/2] 2.71ns
:5  %data_array_load_1 = load i8* %data_array_addr_2, align 1

ST_25: i [1/1] 0.00ns
.preheader3:0  %i = phi i14 [ %i_1, %3 ], [ 0, %burst.rd.end13 ]

ST_25: exitcond1 [1/1] 2.21ns
.preheader3:1  %exitcond1 = icmp eq i14 %i, -6784

ST_25: i_1 [1/1] 1.96ns
.preheader3:2  %i_1 = add i14 %i, 1

ST_25: stg_144 [1/1] 0.00ns
.preheader3:3  br i1 %exitcond1, label %.loopexit, label %3

ST_25: i_cast6 [1/1] 0.00ns
:0  %i_cast6 = zext i14 %i to i17

ST_25: tmp_9 [1/1] 2.08ns
:4  %tmp_9 = add i17 %i_cast6, %phi_mul

ST_25: tmp_s [1/1] 0.00ns
:5  %tmp_s = call i18 @_ssdm_op_BitConcatenate.i18.i17.i1(i17 %tmp_9, i1 false)

ST_25: tmp_32 [1/1] 0.00ns
:6  %tmp_32 = zext i18 %tmp_s to i64

ST_25: matchsum_addr [1/1] 0.00ns
:7  %matchsum_addr = getelementptr [153600 x i8]* @matchsum, i64 0, i64 %tmp_32

ST_25: tmp_33 [1/1] 0.00ns
:8  %tmp_33 = or i18 %tmp_s, 1

ST_25: tmp_34 [1/1] 0.00ns
:9  %tmp_34 = call i64 @_ssdm_op_BitConcatenate.i64.i46.i18(i46 0, i18 %tmp_33)

ST_25: matchsum_addr_1 [1/1] 0.00ns
:10  %matchsum_addr_1 = getelementptr [153600 x i8]* @matchsum, i64 0, i64 %tmp_34

ST_25: back_gauss_addr [1/1] 0.00ns
:11  %back_gauss_addr = getelementptr [153600 x i1]* @back_gauss, i64 0, i64 %tmp_32

ST_25: back_gauss_addr_1 [1/1] 0.00ns
:12  %back_gauss_addr_1 = getelementptr [153600 x i1]* @back_gauss, i64 0, i64 %tmp_34

ST_25: stg_155 [1/1] 2.71ns
:13  store i8 0, i8* %matchsum_addr, align 2

ST_25: stg_156 [1/1] 2.71ns
:14  store i8 0, i8* %matchsum_addr_1, align 1

ST_25: stg_157 [1/1] 2.71ns
:15  store i1 true, i1* %back_gauss_addr, align 2

ST_25: stg_158 [1/1] 2.71ns
:16  store i1 true, i1* %back_gauss_addr_1, align 1

ST_25: p_shl [1/1] 0.00ns
:17  %p_shl = call i17 @_ssdm_op_BitConcatenate.i17.i14.i3(i14 %i, i3 0)

ST_25: p_shl_cast [1/1] 0.00ns
:18  %p_shl_cast = zext i17 %p_shl to i18

ST_25: p_shl1 [1/1] 0.00ns
:19  %p_shl1 = call i15 @_ssdm_op_BitConcatenate.i15.i14.i1(i14 %i, i1 false)

ST_25: p_shl1_cast [1/1] 0.00ns
:20  %p_shl1_cast = zext i15 %p_shl1 to i18

ST_25: tmp_11 [1/1] 2.08ns
:21  %tmp_11 = sub i18 %p_shl_cast, %p_shl1_cast

ST_25: tmp_11_cast [1/1] 0.00ns
:22  %tmp_11_cast = sext i18 %tmp_11 to i32

ST_25: tmp_12 [1/1] 0.00ns
:23  %tmp_12 = zext i32 %tmp_11_cast to i64

ST_25: parameters_addr_1 [1/1] 0.00ns
:24  %parameters_addr_1 = getelementptr inbounds [57600 x float]* @parameters, i64 0, i64 %tmp_12

ST_25: stg_167 [1/1] 2.71ns
:25  store float 0.000000e+00, float* %parameters_addr_1, align 8

ST_25: tmp_13 [1/1] 0.00ns
:26  %tmp_13 = or i32 %tmp_11_cast, 1

ST_25: tmp_14 [1/1] 0.00ns
:27  %tmp_14 = zext i32 %tmp_13 to i64

ST_25: parameters_addr_2 [1/1] 0.00ns
:28  %parameters_addr_2 = getelementptr inbounds [57600 x float]* @parameters, i64 0, i64 %tmp_14

ST_25: stg_171 [1/1] 2.71ns
:29  store float 0.000000e+00, float* %parameters_addr_2, align 4

ST_25: tmp_31 [1/1] 2.44ns
.loopexit:1  %tmp_31 = add i33 %tmp_27, %tmp_30_cast

ST_25: tmp_36 [1/1] 0.00ns
.loopexit:2  %tmp_36 = sext i33 %tmp_31 to i64

ST_25: gmem_addr_1 [1/1] 0.00ns
.loopexit:3  %gmem_addr_1 = getelementptr i8* %gmem, i64 %tmp_36


 <State 26>: 7.91ns
ST_26: data_array_load_1 [1/2] 2.71ns
:5  %data_array_load_1 = load i8* %data_array_addr_2, align 1

ST_26: tmp_25 [2/2] 5.20ns
:6  %tmp_25 = call fastcc zeroext i1 @backsub_EM_ALGO(i8 zeroext %data_array_load_1, i14 %j, [57600 x float]* @parameters, i4 %x) nounwind


 <State 27>: 4.28ns
ST_27: stg_177 [1/1] 0.00ns
:0  call void (...)* @_ssdm_op_SpecLoopTripCount(i64 9600, i64 9600, i64 9600)

ST_27: tmp_3 [1/1] 0.00ns
:1  %tmp_3 = call i32 (...)* @_ssdm_op_SpecRegionBegin([12 x i8]* @p_str1812) nounwind

ST_27: stg_179 [1/1] 0.00ns
:2  call void (...)* @_ssdm_op_SpecPipeline(i32 1, i32 1, i32 1, i32 0, [1 x i8]* @p_str1806) nounwind

ST_27: tmp_25 [1/2] 1.57ns
:6  %tmp_25 = call fastcc zeroext i1 @backsub_EM_ALGO(i8 zeroext %data_array_load_1, i14 %j, [57600 x float]* @parameters, i4 %x) nounwind

ST_27: out_frame_addr_1 [1/1] 0.00ns
:7  %out_frame_addr_1 = getelementptr [9600 x i1]* @out_frame, i64 0, i64 %tmp_24

ST_27: stg_182 [1/1] 2.71ns
:8  store i1 %tmp_25, i1* %out_frame_addr_1, align 1

ST_27: empty_10 [1/1] 0.00ns
:9  %empty_10 = call i32 (...)* @_ssdm_op_SpecRegionEnd([12 x i8]* @p_str1812, i32 %tmp_3) nounwind

ST_27: stg_184 [1/1] 0.00ns
:10  br label %.preheader


 <State 28>: 4.79ns
ST_28: tmp_15 [1/1] 2.08ns
:30  %tmp_15 = add i18 %tmp_11, 2

ST_28: tmp_15_cast [1/1] 0.00ns
:31  %tmp_15_cast = sext i18 %tmp_15 to i32

ST_28: tmp_16 [1/1] 0.00ns
:32  %tmp_16 = zext i32 %tmp_15_cast to i64

ST_28: parameters_addr_3 [1/1] 0.00ns
:33  %parameters_addr_3 = getelementptr inbounds [57600 x float]* @parameters, i64 0, i64 %tmp_16

ST_28: stg_189 [1/1] 2.71ns
:34  store float 4.900000e+03, float* %parameters_addr_3, align 8

ST_28: tmp_17 [1/1] 2.08ns
:35  %tmp_17 = add i18 %tmp_11, 3

ST_28: tmp_17_cast [1/1] 0.00ns
:36  %tmp_17_cast = sext i18 %tmp_17 to i32

ST_28: tmp_18 [1/1] 0.00ns
:37  %tmp_18 = zext i32 %tmp_17_cast to i64

ST_28: parameters_addr_4 [1/1] 0.00ns
:38  %parameters_addr_4 = getelementptr inbounds [57600 x float]* @parameters, i64 0, i64 %tmp_18

ST_28: stg_194 [1/1] 2.71ns
:39  store float 4.900000e+03, float* %parameters_addr_4, align 4


 <State 29>: 4.79ns
ST_29: tmp_19 [1/1] 2.08ns
:40  %tmp_19 = add i18 %tmp_11, 4

ST_29: tmp_19_cast [1/1] 0.00ns
:41  %tmp_19_cast = sext i18 %tmp_19 to i32

ST_29: tmp_20 [1/1] 0.00ns
:42  %tmp_20 = zext i32 %tmp_19_cast to i64

ST_29: parameters_addr_5 [1/1] 0.00ns
:43  %parameters_addr_5 = getelementptr inbounds [57600 x float]* @parameters, i64 0, i64 %tmp_20

ST_29: stg_199 [1/1] 2.71ns
:44  store float 0x3FB70A3D80000000, float* %parameters_addr_5, align 8

ST_29: tmp_21 [1/1] 2.08ns
:45  %tmp_21 = add i18 %tmp_11, 5

ST_29: tmp_21_cast [1/1] 0.00ns
:46  %tmp_21_cast = sext i18 %tmp_21 to i32

ST_29: tmp_22 [1/1] 0.00ns
:47  %tmp_22 = zext i32 %tmp_21_cast to i64

ST_29: parameters_addr_6 [1/1] 0.00ns
:48  %parameters_addr_6 = getelementptr inbounds [57600 x float]* @parameters, i64 0, i64 %tmp_22

ST_29: stg_204 [1/1] 2.71ns
:49  store float 0x3FB70A3D80000000, float* %parameters_addr_6, align 4

ST_29: tmp_23 [1/1] 0.00ns
:50  %tmp_23 = zext i14 %i to i64

ST_29: data_array_addr_1 [1/1] 0.00ns
:51  %data_array_addr_1 = getelementptr inbounds [9600 x i8]* @data_array, i64 0, i64 %tmp_23

ST_29: data_array_load [2/2] 2.71ns
:52  %data_array_load = load i8* %data_array_addr_1, align 1


 <State 30>: 7.91ns
ST_30: data_array_load [1/2] 2.71ns
:52  %data_array_load = load i8* %data_array_addr_1, align 1

ST_30: tmp_2 [2/2] 5.20ns
:53  %tmp_2 = call fastcc zeroext i1 @backsub_EM_ALGO(i8 zeroext %data_array_load, i14 %i, [57600 x float]* @parameters, i4 %x) nounwind


 <State 31>: 4.28ns
ST_31: stg_210 [1/1] 0.00ns
:1  call void (...)* @_ssdm_op_SpecLoopTripCount(i64 9600, i64 9600, i64 9600)

ST_31: tmp_1 [1/1] 0.00ns
:2  %tmp_1 = call i32 (...)* @_ssdm_op_SpecRegionBegin([12 x i8]* @p_str1811) nounwind

ST_31: stg_212 [1/1] 0.00ns
:3  call void (...)* @_ssdm_op_SpecPipeline(i32 1, i32 1, i32 1, i32 0, [1 x i8]* @p_str1806) nounwind

ST_31: tmp_2 [1/2] 1.57ns
:53  %tmp_2 = call fastcc zeroext i1 @backsub_EM_ALGO(i8 zeroext %data_array_load, i14 %i, [57600 x float]* @parameters, i4 %x) nounwind

ST_31: out_frame_addr [1/1] 0.00ns
:54  %out_frame_addr = getelementptr [9600 x i1]* @out_frame, i64 0, i64 %tmp_23

ST_31: stg_215 [1/1] 2.71ns
:55  store i1 %tmp_2, i1* %out_frame_addr, align 1

ST_31: empty_9 [1/1] 0.00ns
:56  %empty_9 = call i32 (...)* @_ssdm_op_SpecRegionEnd([12 x i8]* @p_str1811, i32 %tmp_1) nounwind

ST_31: stg_217 [1/1] 0.00ns
:57  br label %.preheader3


 <State 32>: 8.75ns
ST_32: empty_11 [1/1] 0.00ns
.loopexit:0  %empty_11 = call i32 (...)* @_ssdm_op_SpecRegionEnd([6 x i8]* @p_str1810, i32 %tmp) nounwind

ST_32: p_wr_req [1/1] 8.75ns
.loopexit:4  %p_wr_req = call i1 @_ssdm_op_WriteReq.m_axi.i8P(i8* %gmem_addr_1, i32 9600)

ST_32: stg_220 [1/1] 1.57ns
.loopexit:5  br label %burst.wr.header


 <State 33>: 3.58ns
ST_33: indvar2 [1/1] 0.00ns
burst.wr.header:0  %indvar2 = phi i14 [ 0, %.loopexit ], [ %indvar_next2, %burst.wr.body ]

ST_33: exitcond4 [1/1] 2.21ns
burst.wr.header:1  %exitcond4 = icmp eq i14 %indvar2, -6784

ST_33: stg_223 [1/1] 0.00ns
burst.wr.header:2  call void (...)* @_ssdm_op_SpecLoopTripCount(i64 9600, i64 9600, i64 9600)

ST_33: indvar_next2 [1/1] 1.96ns
burst.wr.header:3  %indvar_next2 = add i14 %indvar2, 1

ST_33: stg_225 [1/1] 0.00ns
burst.wr.header:4  br i1 %exitcond4, label %burst.wr.header34.preheader, label %burst.wr.body

ST_33: tmp_26 [1/1] 0.00ns
burst.wr.body:3  %tmp_26 = zext i14 %indvar2 to i64

ST_33: out_frame_addr_2 [1/1] 0.00ns
burst.wr.body:4  %out_frame_addr_2 = getelementptr [9600 x i1]* @out_frame, i64 0, i64 %tmp_26

ST_33: out_frame_load [2/2] 2.71ns
burst.wr.body:5  %out_frame_load = load i1* %out_frame_addr_2, align 1


 <State 34>: 4.08ns
ST_34: out_frame_load [1/2] 2.71ns
burst.wr.body:5  %out_frame_load = load i1* %out_frame_addr_2, align 1

ST_34: extLd [1/1] 1.37ns
burst.wr.body:6  %extLd = select i1 %out_frame_load, i8 -1, i8 0


 <State 35>: 8.75ns
ST_35: burstwrite_rbegin [1/1] 0.00ns
burst.wr.body:0  %burstwrite_rbegin = call i32 (...)* @_ssdm_op_SpecRegionBegin([18 x i8]* @burstwrite_OC_region_str) nounwind

ST_35: stg_232 [1/1] 0.00ns
burst.wr.body:1  call void (...)* @_ssdm_op_SpecPipeline(i32 1, i32 1, i32 1, i32 0, [1 x i8]* @p_str15)

ST_35: empty_12 [1/1] 0.00ns
burst.wr.body:2  %empty_12 = call i32 (...)* @_ssdm_op_SpecLoopName([86 x i8]* @memcpy_OC_frame_out_OC_backsub) nounwind

ST_35: stg_234 [1/1] 8.75ns
burst.wr.body:7  call void @_ssdm_op_Write.m_axi.i8P(i8* %gmem_addr_1, i8 %extLd, i1 true)

ST_35: burstwrite_rend [1/1] 0.00ns
burst.wr.body:8  %burstwrite_rend = call i32 (...)* @_ssdm_op_SpecRegionEnd([18 x i8]* @burstwrite_OC_region_str, i32 %burstwrite_rbegin) nounwind

ST_35: stg_236 [1/1] 0.00ns
burst.wr.body:9  br label %burst.wr.header


 <State 36>: 8.75ns
ST_36: p_wr_resp [5/5] 8.75ns
burst.wr.header34.preheader:0  %p_wr_resp = call i1 @_ssdm_op_WriteResp.m_axi.i8P(i8* %gmem_addr_1)


 <State 37>: 8.75ns
ST_37: p_wr_resp [4/5] 8.75ns
burst.wr.header34.preheader:0  %p_wr_resp = call i1 @_ssdm_op_WriteResp.m_axi.i8P(i8* %gmem_addr_1)


 <State 38>: 8.75ns
ST_38: p_wr_resp [3/5] 8.75ns
burst.wr.header34.preheader:0  %p_wr_resp = call i1 @_ssdm_op_WriteResp.m_axi.i8P(i8* %gmem_addr_1)


 <State 39>: 8.75ns
ST_39: p_wr_resp [2/5] 8.75ns
burst.wr.header34.preheader:0  %p_wr_resp = call i1 @_ssdm_op_WriteResp.m_axi.i8P(i8* %gmem_addr_1)


 <State 40>: 8.75ns
ST_40: p_wr_resp [1/5] 8.75ns
burst.wr.header34.preheader:0  %p_wr_resp = call i1 @_ssdm_op_WriteResp.m_axi.i8P(i8* %gmem_addr_1)

ST_40: p_wr_req12 [1/1] 8.75ns
burst.wr.header34.preheader:1  %p_wr_req12 = call i1 @_ssdm_op_WriteReq.m_axi.floatP(float* %gmem_offset_addr, i32 14400)

ST_40: stg_243 [1/1] 1.57ns
burst.wr.header34.preheader:2  br label %burst.wr.header34


 <State 41>: 3.58ns
ST_41: indvar3 [1/1] 0.00ns
burst.wr.header34:0  %indvar3 = phi i14 [ %indvar_next3, %burst.wr.body35 ], [ 0, %burst.wr.header34.preheader ]

ST_41: exitcond5 [1/1] 2.21ns
burst.wr.header34:1  %exitcond5 = icmp eq i14 %indvar3, -1984

ST_41: stg_246 [1/1] 0.00ns
burst.wr.header34:2  call void (...)* @_ssdm_op_SpecLoopTripCount(i64 14400, i64 14400, i64 14400)

ST_41: indvar_next3 [1/1] 1.96ns
burst.wr.header34:3  %indvar_next3 = add i14 %indvar3, 1

ST_41: stg_248 [1/1] 0.00ns
burst.wr.header34:4  br i1 %exitcond5, label %burst.wr.end33, label %burst.wr.body35

ST_41: tmp_28 [1/1] 0.00ns
burst.wr.body35:3  %tmp_28 = zext i14 %indvar3 to i64

ST_41: parameters_addr_7 [1/1] 0.00ns
burst.wr.body35:4  %parameters_addr_7 = getelementptr [57600 x float]* @parameters, i64 0, i64 %tmp_28

ST_41: parameters_load [2/2] 2.71ns
burst.wr.body35:5  %parameters_load = load float* %parameters_addr_7, align 4


 <State 42>: 2.71ns
ST_42: parameters_load [1/2] 2.71ns
burst.wr.body35:5  %parameters_load = load float* %parameters_addr_7, align 4


 <State 43>: 8.75ns
ST_43: burstwrite_rbegin1 [1/1] 0.00ns
burst.wr.body35:0  %burstwrite_rbegin1 = call i32 (...)* @_ssdm_op_SpecRegionBegin([18 x i8]* @burstwrite_OC_region_str) nounwind

ST_43: stg_254 [1/1] 0.00ns
burst.wr.body35:1  call void (...)* @_ssdm_op_SpecPipeline(i32 1, i32 1, i32 1, i32 0, [1 x i8]* @p_str29)

ST_43: empty_13 [1/1] 0.00ns
burst.wr.body35:2  %empty_13 = call i32 (...)* @_ssdm_op_SpecLoopName([82 x i8]* @memcpy_OC_para_OC_backsub_IC_u) nounwind

ST_43: stg_256 [1/1] 8.75ns
burst.wr.body35:6  call void @_ssdm_op_Write.m_axi.floatP(float* %gmem_offset_addr, float %parameters_load, i4 -1)

ST_43: burstwrite_rend45 [1/1] 0.00ns
burst.wr.body35:7  %burstwrite_rend45 = call i32 (...)* @_ssdm_op_SpecRegionEnd([18 x i8]* @burstwrite_OC_region_str, i32 %burstwrite_rbegin1) nounwind

ST_43: stg_258 [1/1] 0.00ns
burst.wr.body35:8  br label %burst.wr.header34


 <State 44>: 8.75ns
ST_44: p_wr_resp13 [5/5] 8.75ns
burst.wr.end33:0  %p_wr_resp13 = call i1 @_ssdm_op_WriteResp.m_axi.floatP(float* %gmem_offset_addr)


 <State 45>: 8.75ns
ST_45: p_wr_resp13 [4/5] 8.75ns
burst.wr.end33:0  %p_wr_resp13 = call i1 @_ssdm_op_WriteResp.m_axi.floatP(float* %gmem_offset_addr)


 <State 46>: 8.75ns
ST_46: p_wr_resp13 [3/5] 8.75ns
burst.wr.end33:0  %p_wr_resp13 = call i1 @_ssdm_op_WriteResp.m_axi.floatP(float* %gmem_offset_addr)


 <State 47>: 8.75ns
ST_47: p_wr_resp13 [2/5] 8.75ns
burst.wr.end33:0  %p_wr_resp13 = call i1 @_ssdm_op_WriteResp.m_axi.floatP(float* %gmem_offset_addr)


 <State 48>: 8.75ns
ST_48: p_wr_resp13 [1/5] 8.75ns
burst.wr.end33:0  %p_wr_resp13 = call i1 @_ssdm_op_WriteResp.m_axi.floatP(float* %gmem_offset_addr)

ST_48: stg_264 [1/1] 0.00ns
burst.wr.end33:1  br label %1



============================================================
+ Verbose Summary: Binding
============================================================
N/A
* FSMD analyzer results:
  - Output states:
  - Chain level:
	State 1
	State 2
	State 3
	State 4
	State 5
	State 6
	State 7
	State 8
	State 9
	State 10
	State 11
	State 12
	State 13
	State 14
	State 15
	State 16
	State 17
	State 18
	State 19
	State 20
	State 21
	State 22
	State 23
	State 24
	State 25
	State 26
	State 27
	State 28
	State 29
	State 30
	State 31
	State 32
	State 33
	State 34
	State 35
	State 36
	State 37
	State 38
	State 39
	State 40
	State 41
	State 42
	State 43
	State 44
	State 45
	State 46
	State 47
	State 48


============================================================
+ Verbose Summary: Datapath Resource usage 
============================================================
N/A
